<?xml version="1.0" encoding="utf-8"?><testsuites><testsuite errors="0" failures="0" hostname="vijay" name="pytest" skipped="0" tests="4" time="0.023" timestamp="2023-10-13T10:06:06.574514"><testcase classname="test_string_inverter" file="test_string_inverter.py" line="6" name="test_invert_with_value" time="0.000"></testcase><testcase classname="test_string_inverter" file="test_string_inverter.py" line="10" name="test_invert_with_empty" time="0.000"></testcase><testcase classname="test_string_inverter" file="test_string_inverter.py" line="14" name="test_invert_with_none" time="0.000"></testcase><testcase classname="test_string_inverter" file="test_string_inverter.py" line="18" name="test_invert_single_char" time="0.000"></testcase></testsuite></testsuites>